// Jest Snapshot v1, https://goo.gl/fbAQLP

exports[`renders learn react link 1`] = `
<div>
  <div>
    <button
      class="Pin Pin--red"
    >
      MASTER
    </button>
    <button
      class="Pin Pin--red"
    >
      MASTER
    </button>
    <button
      class="Pin Pin--red"
    >
      MASTER
    </button>
    <button
      class="Pin Pin--red"
    >
      MASTER
    </button>
  </div>
  <div>
    <button
      class="Round Round--red"
    >
      MASTER
    </button>
    <button
      class="Round Round--red"
    >
      MASTER
    </button>
    <button
      class="Round Round--red"
    >
      MASTER
    </button>
    <button
      class="Round Round--red"
    >
      MASTER
    </button>
  </div>
</div>
`;
